Copyright 1986-2018 Xilinx, Inc. All Rights Reserved.
--------------------------------------------------------------------------------------
| Tool Version : Vivado v.2018.3 (win64) Build 2405991 Thu Dec  6 23:38:27 MST 2018
| Date         : Wed Dec 10 13:48:05 2025
| Host         : zph running 64-bit major release  (build 9200)
| Command      : report_control_sets -verbose -file clahe_top_control_sets_placed.rpt
| Design       : clahe_top
| Device       : xc7vx690t
--------------------------------------------------------------------------------------

Control Set Information

Table of Contents
-----------------
1. Summary
2. Histogram
3. Flip-Flop Distribution
4. Detailed Control Set Information

1. Summary
----------

+----------------------------------------------------------+-------+
|                          Status                          | Count |
+----------------------------------------------------------+-------+
| Number of unique control sets                            |    47 |
| Unused register locations in slices containing registers |   123 |
+----------------------------------------------------------+-------+


2. Histogram
------------

+--------+--------------+
| Fanout | Control Sets |
+--------+--------------+
|      1 |            3 |
|      4 |            7 |
|      5 |            2 |
|      6 |            4 |
|      8 |           10 |
|     10 |            1 |
|     11 |            2 |
|     12 |            2 |
|    16+ |           16 |
+--------+--------------+


3. Flip-Flop Distribution
-------------------------

+--------------+-----------------------+------------------------+-----------------+--------------+
| Clock Enable | Synchronous Set/Reset | Asynchronous Set/Reset | Total Registers | Total Slices |
+--------------+-----------------------+------------------------+-----------------+--------------+
| No           | No                    | No                     |              17 |            3 |
| No           | No                    | Yes                    |             259 |          103 |
| No           | Yes                   | No                     |               0 |            0 |
| Yes          | No                    | No                     |               0 |            0 |
| Yes          | No                    | Yes                    |             361 |          131 |
| Yes          | Yes                   | No                     |               0 |            0 |
+--------------+-----------------------+------------------------+-----------------+--------------+


4. Detailed Control Set Information
-----------------------------------

+-----------------+-------------------------------------------------------------------+--------------------------+------------------+----------------+
|   Clock Signal  |                           Enable Signal                           |     Set/Reset Signal     | Slice Load Count | Bel Load Count |
+-----------------+-------------------------------------------------------------------+--------------------------+------------------+----------------+
|  pclk_IBUF_BUFG | clipper_cdf_inst/bin_cnt[8]_i_1_n_0                               | clipper_cdf_inst/rst_n   |                1 |              1 |
|  pclk_IBUF_BUFG | clipper_cdf_inst/cdf_done_i_1_n_0                                 | mapping_inst/rst_n       |                1 |              1 |
|  pclk_IBUF_BUFG | hist_stat_inst/local_accumulator[15]_i_1_n_0                      | clipper_cdf_inst/rst_n   |                1 |              1 |
|  pclk_IBUF_BUFG | clipper_cdf_inst/hist_buf_ram_inst/E[0]                           | clipper_cdf_inst/rst_n   |                2 |              4 |
|  pclk_IBUF_BUFG | hist_stat_inst/write_back_tile[5]_i_1_n_0                         | clipper_cdf_inst/rst_n_0 |                1 |              4 |
|  pclk_IBUF_BUFG | hist_stat_inst/local_accumulator[15]_i_1_n_0                      | clipper_cdf_inst/rst_n_0 |                1 |              4 |
|  pclk_IBUF_BUFG | clipper_cdf_inst/cdf_range0                                       | clipper_cdf_inst/rst_n_1 |                1 |              4 |
|  pclk_IBUF_BUFG | clipper_cdf_inst/cdf_range0                                       | clipper_cdf_inst/rst_n_2 |                3 |              4 |
|  pclk_IBUF_BUFG | clipper_cdf_inst/cdf_range0                                       | mapping_inst/rst_n_0     |                2 |              4 |
|  pclk_IBUF_BUFG | clipper_cdf_inst/cdf_range0                                       | mapping_inst/rst_n       |                2 |              4 |
|  pclk_IBUF_BUFG | hist_stat_inst/last_tile[5]_i_1_n_0                               | clipper_cdf_inst/rst_n_0 |                2 |              5 |
|  pclk_IBUF_BUFG | clipper_cdf_inst/hist_buf_ram_inst/FSM_sequential_state_reg[2][0] | clipper_cdf_inst/rst_n   |                2 |              5 |
|  pclk_IBUF_BUFG | clipper_cdf_inst/tile_cnt                                         | clipper_cdf_inst/rst_n   |                2 |              6 |
|  pclk_IBUF_BUFG | hist_stat_inst/last_tile[5]_i_1_n_0                               | clipper_cdf_inst/rst_n   |                2 |              6 |
|  pclk_IBUF_BUFG | clipper_cdf_inst/cdf_wr_tile_idx[5]_i_1_n_0                       | clipper_cdf_inst/rst_n_0 |                2 |              6 |
|  pclk_IBUF_BUFG | hist_stat_inst/write_back_tile[5]_i_1_n_0                         | clipper_cdf_inst/rst_n_1 |                1 |              6 |
|  pclk_IBUF_BUFG | clipper_cdf_inst/hist_rd_bin_addr[7]_i_1_n_0                      | clipper_cdf_inst/rst_n_0 |                3 |              8 |
|  pclk_IBUF_BUFG | clipper_cdf_inst/norm_stage1_addr[7]_i_1_n_0                      | clipper_cdf_inst/rst_n_1 |                2 |              8 |
|  pclk_IBUF_BUFG | clipper_cdf_inst/norm_stage2_addr[7]_i_1_n_0                      | clipper_cdf_inst/rst_n_0 |                2 |              8 |
|  pclk_IBUF_BUFG | clipper_cdf_inst/cdf_wr_data[7]_i_1_n_0                           | clipper_cdf_inst/rst_n_2 |                7 |              8 |
|  pclk_IBUF_BUFG | clipper_cdf_inst/cdf_ram_addra_r[7]_i_1_n_0                       | clipper_cdf_inst/rst_n   |                2 |              8 |
|  pclk_IBUF_BUFG | clipper_cdf_inst/bin_cnt[8]_i_1_n_0                               | clipper_cdf_inst/rst_n_0 |                4 |              8 |
|  pclk_IBUF_BUFG | clipper_cdf_inst/cdf_wr_bin_addr[7]_i_1_n_0                       | clipper_cdf_inst/rst_n_0 |                2 |              8 |
|  pclk_IBUF_BUFG | ram_64tiles_inst/clear_addr[7]_i_1_n_0                            | clipper_cdf_inst/rst_n   |                4 |              8 |
|  pclk_IBUF_BUFG | clipper_cdf_inst/hist_buf_addra_r[7]_i_1_n_0                      | clipper_cdf_inst/rst_n   |                2 |              8 |
|  pclk_IBUF_BUFG | clipper_cdf_inst/hist_buf_addrb_r[7]_i_1_n_0                      | clipper_cdf_inst/rst_n   |                2 |              8 |
|  pclk_IBUF_BUFG | coord_counter_inst/y_cnt[9]_i_1_n_0                               | clipper_cdf_inst/rst_n_1 |                5 |             10 |
|  pclk_IBUF_BUFG | coord_counter_inst/x_cnt[10]_i_1_n_0                              | clipper_cdf_inst/rst_n_1 |                8 |             11 |
|  pclk_IBUF_BUFG | hist_stat_inst/local_accumulator[15]_i_1_n_0                      | mapping_inst/rst_n_0     |                2 |             11 |
|  pclk_IBUF_BUFG | clipper_cdf_inst/hist_buf_ram_inst/FSM_sequential_state_reg[2][0] | clipper_cdf_inst/rst_n_1 |                4 |             12 |
|  pclk_IBUF_BUFG | clipper_cdf_inst/hist_buf_ram_inst/E[0]                           | clipper_cdf_inst/rst_n_1 |                5 |             12 |
|  pclk_IBUF_BUFG | clipper_cdf_inst/hist_buf_addrb_r[7]_i_1_n_0                      | clipper_cdf_inst/rst_n_0 |                4 |             16 |
|  pclk_IBUF_BUFG | clipper_cdf_inst/norm_stage1_addr[7]_i_1_n_0                      | clipper_cdf_inst/rst_n_2 |                3 |             16 |
|  pclk_IBUF_BUFG | clipper_cdf_inst/hist_buf_dina_r                                  | clipper_cdf_inst/rst_n   |                9 |             16 |
|  pclk_IBUF_BUFG | clipper_cdf_inst/cdf_temp                                         | clipper_cdf_inst/rst_n_1 |                5 |             16 |
|  pclk_IBUF_BUFG | clipper_cdf_inst/cdf_ram_dina_r                                   | clipper_cdf_inst/rst_n_0 |                4 |             16 |
|  pclk_IBUF_BUFG | clipper_cdf_inst/excess_total[16]_i_1_n_0                         | clipper_cdf_inst/rst_n   |                5 |             17 |
|  pclk_IBUF_BUFG | hist_stat_inst/last_tile[5]_i_1_n_0                               | mapping_inst/rst_n_0     |                5 |             19 |
|  pclk_IBUF_BUFG | hist_stat_inst/write_back_tile[5]_i_1_n_0                         | mapping_inst/rst_n_0     |                5 |             20 |
|  pclk_IBUF_BUFG | clipper_cdf_inst/norm_stage2_addr[7]_i_1_n_0                      | clipper_cdf_inst/rst_n_2 |               11 |             24 |
|  pclk_IBUF_BUFG |                                                                   | clipper_cdf_inst/rst_n   |               13 |             27 |
|  pclk_IBUF_BUFG |                                                                   | clipper_cdf_inst/rst_n_0 |               16 |             32 |
|  pclk_IBUF_BUFG |                                                                   |                          |                3 |             34 |
|  pclk_IBUF_BUFG |                                                                   | clipper_cdf_inst/rst_n_1 |               15 |             36 |
|  pclk_IBUF_BUFG |                                                                   | mapping_inst/rst_n       |               12 |             40 |
|  pclk_IBUF_BUFG |                                                                   | mapping_inst/rst_n_0     |               20 |             61 |
|  pclk_IBUF_BUFG |                                                                   | clipper_cdf_inst/rst_n_2 |               27 |             63 |
+-----------------+-------------------------------------------------------------------+--------------------------+------------------+----------------+


