Copyright 1986-2018 Xilinx, Inc. All Rights Reserved.
-----------------------------------------------------------------------------------------------------------------------------------------------------------------
| Tool Version : Vivado v.2018.3 (win64) Build 2405991 Thu Dec  6 23:38:27 MST 2018
| Date         : Wed Dec 10 13:49:50 2025
| Host         : zph running 64-bit major release  (build 9200)
| Command      : report_methodology -file clahe_top_methodology_drc_routed.rpt -pb clahe_top_methodology_drc_routed.pb -rpx clahe_top_methodology_drc_routed.rpx
| Design       : clahe_top
| Device       : xc7vx690tffg1761-2
| Speed File   : -2
| Design State : Fully Routed
-----------------------------------------------------------------------------------------------------------------------------------------------------------------

Report Methodology

Table of Contents
-----------------
1. REPORT SUMMARY
2. REPORT DETAILS

1. REPORT SUMMARY
-----------------
            Netlist: netlist
          Floorplan: design_1
      Design limits: <entire design considered>
             Max violations: <unlimited>
             Violations found: 131
+-----------+----------+-------------------------------+------------+
| Rule      | Severity | Description                   | Violations |
+-----------+----------+-------------------------------+------------+
| DPIR-1    | Warning  | Asynchronous driver check     | 57         |
| TIMING-16 | Warning  | Large setup violation         | 8          |
| TIMING-18 | Warning  | Missing input or output delay | 66         |
+-----------+----------+-------------------------------+------------+

2. REPORT DETAILS
-----------------
DPIR-1#1 Warning
Asynchronous driver check  
DSP clipper_cdf_inst/norm_stage2_mult0 input pin clipper_cdf_inst/norm_stage2_mult0/A[0] is connected to registers with an asynchronous reset. This is preventing the possibility of merging these registers in to the DSP Block since the DSP block registers only possess synchronous reset capability.  It is suggested to recode or change these registers to remove the reset or use a synchronous reset to get the best optimization for performance, power and area.
Related violations: <none>

DPIR-1#2 Warning
Asynchronous driver check  
DSP clipper_cdf_inst/norm_stage2_mult0 input pin clipper_cdf_inst/norm_stage2_mult0/A[10] is connected to registers with an asynchronous reset. This is preventing the possibility of merging these registers in to the DSP Block since the DSP block registers only possess synchronous reset capability.  It is suggested to recode or change these registers to remove the reset or use a synchronous reset to get the best optimization for performance, power and area.
Related violations: <none>

DPIR-1#3 Warning
Asynchronous driver check  
DSP clipper_cdf_inst/norm_stage2_mult0 input pin clipper_cdf_inst/norm_stage2_mult0/A[11] is connected to registers with an asynchronous reset. This is preventing the possibility of merging these registers in to the DSP Block since the DSP block registers only possess synchronous reset capability.  It is suggested to recode or change these registers to remove the reset or use a synchronous reset to get the best optimization for performance, power and area.
Related violations: <none>

DPIR-1#4 Warning
Asynchronous driver check  
DSP clipper_cdf_inst/norm_stage2_mult0 input pin clipper_cdf_inst/norm_stage2_mult0/A[12] is connected to registers with an asynchronous reset. This is preventing the possibility of merging these registers in to the DSP Block since the DSP block registers only possess synchronous reset capability.  It is suggested to recode or change these registers to remove the reset or use a synchronous reset to get the best optimization for performance, power and area.
Related violations: <none>

DPIR-1#5 Warning
Asynchronous driver check  
DSP clipper_cdf_inst/norm_stage2_mult0 input pin clipper_cdf_inst/norm_stage2_mult0/A[13] is connected to registers with an asynchronous reset. This is preventing the possibility of merging these registers in to the DSP Block since the DSP block registers only possess synchronous reset capability.  It is suggested to recode or change these registers to remove the reset or use a synchronous reset to get the best optimization for performance, power and area.
Related violations: <none>

DPIR-1#6 Warning
Asynchronous driver check  
DSP clipper_cdf_inst/norm_stage2_mult0 input pin clipper_cdf_inst/norm_stage2_mult0/A[14] is connected to registers with an asynchronous reset. This is preventing the possibility of merging these registers in to the DSP Block since the DSP block registers only possess synchronous reset capability.  It is suggested to recode or change these registers to remove the reset or use a synchronous reset to get the best optimization for performance, power and area.
Related violations: <none>

DPIR-1#7 Warning
Asynchronous driver check  
DSP clipper_cdf_inst/norm_stage2_mult0 input pin clipper_cdf_inst/norm_stage2_mult0/A[15] is connected to registers with an asynchronous reset. This is preventing the possibility of merging these registers in to the DSP Block since the DSP block registers only possess synchronous reset capability.  It is suggested to recode or change these registers to remove the reset or use a synchronous reset to get the best optimization for performance, power and area.
Related violations: <none>

DPIR-1#8 Warning
Asynchronous driver check  
DSP clipper_cdf_inst/norm_stage2_mult0 input pin clipper_cdf_inst/norm_stage2_mult0/A[1] is connected to registers with an asynchronous reset. This is preventing the possibility of merging these registers in to the DSP Block since the DSP block registers only possess synchronous reset capability.  It is suggested to recode or change these registers to remove the reset or use a synchronous reset to get the best optimization for performance, power and area.
Related violations: <none>

DPIR-1#9 Warning
Asynchronous driver check  
DSP clipper_cdf_inst/norm_stage2_mult0 input pin clipper_cdf_inst/norm_stage2_mult0/A[2] is connected to registers with an asynchronous reset. This is preventing the possibility of merging these registers in to the DSP Block since the DSP block registers only possess synchronous reset capability.  It is suggested to recode or change these registers to remove the reset or use a synchronous reset to get the best optimization for performance, power and area.
Related violations: <none>

DPIR-1#10 Warning
Asynchronous driver check  
DSP clipper_cdf_inst/norm_stage2_mult0 input pin clipper_cdf_inst/norm_stage2_mult0/A[3] is connected to registers with an asynchronous reset. This is preventing the possibility of merging these registers in to the DSP Block since the DSP block registers only possess synchronous reset capability.  It is suggested to recode or change these registers to remove the reset or use a synchronous reset to get the best optimization for performance, power and area.
Related violations: <none>

DPIR-1#11 Warning
Asynchronous driver check  
DSP clipper_cdf_inst/norm_stage2_mult0 input pin clipper_cdf_inst/norm_stage2_mult0/A[4] is connected to registers with an asynchronous reset. This is preventing the possibility of merging these registers in to the DSP Block since the DSP block registers only possess synchronous reset capability.  It is suggested to recode or change these registers to remove the reset or use a synchronous reset to get the best optimization for performance, power and area.
Related violations: <none>

DPIR-1#12 Warning
Asynchronous driver check  
DSP clipper_cdf_inst/norm_stage2_mult0 input pin clipper_cdf_inst/norm_stage2_mult0/A[5] is connected to registers with an asynchronous reset. This is preventing the possibility of merging these registers in to the DSP Block since the DSP block registers only possess synchronous reset capability.  It is suggested to recode or change these registers to remove the reset or use a synchronous reset to get the best optimization for performance, power and area.
Related violations: <none>

DPIR-1#13 Warning
Asynchronous driver check  
DSP clipper_cdf_inst/norm_stage2_mult0 input pin clipper_cdf_inst/norm_stage2_mult0/A[6] is connected to registers with an asynchronous reset. This is preventing the possibility of merging these registers in to the DSP Block since the DSP block registers only possess synchronous reset capability.  It is suggested to recode or change these registers to remove the reset or use a synchronous reset to get the best optimization for performance, power and area.
Related violations: <none>

DPIR-1#14 Warning
Asynchronous driver check  
DSP clipper_cdf_inst/norm_stage2_mult0 input pin clipper_cdf_inst/norm_stage2_mult0/A[7] is connected to registers with an asynchronous reset. This is preventing the possibility of merging these registers in to the DSP Block since the DSP block registers only possess synchronous reset capability.  It is suggested to recode or change these registers to remove the reset or use a synchronous reset to get the best optimization for performance, power and area.
Related violations: <none>

DPIR-1#15 Warning
Asynchronous driver check  
DSP clipper_cdf_inst/norm_stage2_mult0 input pin clipper_cdf_inst/norm_stage2_mult0/A[8] is connected to registers with an asynchronous reset. This is preventing the possibility of merging these registers in to the DSP Block since the DSP block registers only possess synchronous reset capability.  It is suggested to recode or change these registers to remove the reset or use a synchronous reset to get the best optimization for performance, power and area.
Related violations: <none>

DPIR-1#16 Warning
Asynchronous driver check  
DSP clipper_cdf_inst/norm_stage2_mult0 input pin clipper_cdf_inst/norm_stage2_mult0/A[9] is connected to registers with an asynchronous reset. This is preventing the possibility of merging these registers in to the DSP Block since the DSP block registers only possess synchronous reset capability.  It is suggested to recode or change these registers to remove the reset or use a synchronous reset to get the best optimization for performance, power and area.
Related violations: <none>

DPIR-1#17 Warning
Asynchronous driver check  
DSP mapping_inst/final_interp0 input pin mapping_inst/final_interp0/A[0] is connected to registers with an asynchronous reset. This is preventing the possibility of merging these registers in to the DSP Block since the DSP block registers only possess synchronous reset capability.  It is suggested to recode or change these registers to remove the reset or use a synchronous reset to get the best optimization for performance, power and area.
Related violations: <none>

DPIR-1#18 Warning
Asynchronous driver check  
DSP mapping_inst/final_interp0 input pin mapping_inst/final_interp0/A[10] is connected to registers with an asynchronous reset. This is preventing the possibility of merging these registers in to the DSP Block since the DSP block registers only possess synchronous reset capability.  It is suggested to recode or change these registers to remove the reset or use a synchronous reset to get the best optimization for performance, power and area.
Related violations: <none>

DPIR-1#19 Warning
Asynchronous driver check  
DSP mapping_inst/final_interp0 input pin mapping_inst/final_interp0/A[11] is connected to registers with an asynchronous reset. This is preventing the possibility of merging these registers in to the DSP Block since the DSP block registers only possess synchronous reset capability.  It is suggested to recode or change these registers to remove the reset or use a synchronous reset to get the best optimization for performance, power and area.
Related violations: <none>

DPIR-1#20 Warning
Asynchronous driver check  
DSP mapping_inst/final_interp0 input pin mapping_inst/final_interp0/A[12] is connected to registers with an asynchronous reset. This is preventing the possibility of merging these registers in to the DSP Block since the DSP block registers only possess synchronous reset capability.  It is suggested to recode or change these registers to remove the reset or use a synchronous reset to get the best optimization for performance, power and area.
Related violations: <none>

DPIR-1#21 Warning
Asynchronous driver check  
DSP mapping_inst/final_interp0 input pin mapping_inst/final_interp0/A[13] is connected to registers with an asynchronous reset. This is preventing the possibility of merging these registers in to the DSP Block since the DSP block registers only possess synchronous reset capability.  It is suggested to recode or change these registers to remove the reset or use a synchronous reset to get the best optimization for performance, power and area.
Related violations: <none>

DPIR-1#22 Warning
Asynchronous driver check  
DSP mapping_inst/final_interp0 input pin mapping_inst/final_interp0/A[14] is connected to registers with an asynchronous reset. This is preventing the possibility of merging these registers in to the DSP Block since the DSP block registers only possess synchronous reset capability.  It is suggested to recode or change these registers to remove the reset or use a synchronous reset to get the best optimization for performance, power and area.
Related violations: <none>

DPIR-1#23 Warning
Asynchronous driver check  
DSP mapping_inst/final_interp0 input pin mapping_inst/final_interp0/A[15] is connected to registers with an asynchronous reset. This is preventing the possibility of merging these registers in to the DSP Block since the DSP block registers only possess synchronous reset capability.  It is suggested to recode or change these registers to remove the reset or use a synchronous reset to get the best optimization for performance, power and area.
Related violations: <none>

DPIR-1#24 Warning
Asynchronous driver check  
DSP mapping_inst/final_interp0 input pin mapping_inst/final_interp0/A[1] is connected to registers with an asynchronous reset. This is preventing the possibility of merging these registers in to the DSP Block since the DSP block registers only possess synchronous reset capability.  It is suggested to recode or change these registers to remove the reset or use a synchronous reset to get the best optimization for performance, power and area.
Related violations: <none>

DPIR-1#25 Warning
Asynchronous driver check  
DSP mapping_inst/final_interp0 input pin mapping_inst/final_interp0/A[2] is connected to registers with an asynchronous reset. This is preventing the possibility of merging these registers in to the DSP Block since the DSP block registers only possess synchronous reset capability.  It is suggested to recode or change these registers to remove the reset or use a synchronous reset to get the best optimization for performance, power and area.
Related violations: <none>

DPIR-1#26 Warning
Asynchronous driver check  
DSP mapping_inst/final_interp0 input pin mapping_inst/final_interp0/A[3] is connected to registers with an asynchronous reset. This is preventing the possibility of merging these registers in to the DSP Block since the DSP block registers only possess synchronous reset capability.  It is suggested to recode or change these registers to remove the reset or use a synchronous reset to get the best optimization for performance, power and area.
Related violations: <none>

DPIR-1#27 Warning
Asynchronous driver check  
DSP mapping_inst/final_interp0 input pin mapping_inst/final_interp0/A[4] is connected to registers with an asynchronous reset. This is preventing the possibility of merging these registers in to the DSP Block since the DSP block registers only possess synchronous reset capability.  It is suggested to recode or change these registers to remove the reset or use a synchronous reset to get the best optimization for performance, power and area.
Related violations: <none>

DPIR-1#28 Warning
Asynchronous driver check  
DSP mapping_inst/final_interp0 input pin mapping_inst/final_interp0/A[5] is connected to registers with an asynchronous reset. This is preventing the possibility of merging these registers in to the DSP Block since the DSP block registers only possess synchronous reset capability.  It is suggested to recode or change these registers to remove the reset or use a synchronous reset to get the best optimization for performance, power and area.
Related violations: <none>

DPIR-1#29 Warning
Asynchronous driver check  
DSP mapping_inst/final_interp0 input pin mapping_inst/final_interp0/A[6] is connected to registers with an asynchronous reset. This is preventing the possibility of merging these registers in to the DSP Block since the DSP block registers only possess synchronous reset capability.  It is suggested to recode or change these registers to remove the reset or use a synchronous reset to get the best optimization for performance, power and area.
Related violations: <none>

DPIR-1#30 Warning
Asynchronous driver check  
DSP mapping_inst/final_interp0 input pin mapping_inst/final_interp0/A[7] is connected to registers with an asynchronous reset. This is preventing the possibility of merging these registers in to the DSP Block since the DSP block registers only possess synchronous reset capability.  It is suggested to recode or change these registers to remove the reset or use a synchronous reset to get the best optimization for performance, power and area.
Related violations: <none>

DPIR-1#31 Warning
Asynchronous driver check  
DSP mapping_inst/final_interp0 input pin mapping_inst/final_interp0/A[8] is connected to registers with an asynchronous reset. This is preventing the possibility of merging these registers in to the DSP Block since the DSP block registers only possess synchronous reset capability.  It is suggested to recode or change these registers to remove the reset or use a synchronous reset to get the best optimization for performance, power and area.
Related violations: <none>

DPIR-1#32 Warning
Asynchronous driver check  
DSP mapping_inst/final_interp0 input pin mapping_inst/final_interp0/A[9] is connected to registers with an asynchronous reset. This is preventing the possibility of merging these registers in to the DSP Block since the DSP block registers only possess synchronous reset capability.  It is suggested to recode or change these registers to remove the reset or use a synchronous reset to get the best optimization for performance, power and area.
Related violations: <none>

DPIR-1#33 Warning
Asynchronous driver check  
DSP mapping_inst/final_interp0 input pin mapping_inst/final_interp0/B[0] is connected to registers with an asynchronous reset. This is preventing the possibility of merging these registers in to the DSP Block since the DSP block registers only possess synchronous reset capability.  It is suggested to recode or change these registers to remove the reset or use a synchronous reset to get the best optimization for performance, power and area.
Related violations: <none>

DPIR-1#34 Warning
Asynchronous driver check  
DSP mapping_inst/final_interp0 input pin mapping_inst/final_interp0/B[1] is connected to registers with an asynchronous reset. This is preventing the possibility of merging these registers in to the DSP Block since the DSP block registers only possess synchronous reset capability.  It is suggested to recode or change these registers to remove the reset or use a synchronous reset to get the best optimization for performance, power and area.
Related violations: <none>

DPIR-1#35 Warning
Asynchronous driver check  
DSP mapping_inst/final_interp0 input pin mapping_inst/final_interp0/B[2] is connected to registers with an asynchronous reset. This is preventing the possibility of merging these registers in to the DSP Block since the DSP block registers only possess synchronous reset capability.  It is suggested to recode or change these registers to remove the reset or use a synchronous reset to get the best optimization for performance, power and area.
Related violations: <none>

DPIR-1#36 Warning
Asynchronous driver check  
DSP mapping_inst/final_interp0 input pin mapping_inst/final_interp0/B[3] is connected to registers with an asynchronous reset. This is preventing the possibility of merging these registers in to the DSP Block since the DSP block registers only possess synchronous reset capability.  It is suggested to recode or change these registers to remove the reset or use a synchronous reset to get the best optimization for performance, power and area.
Related violations: <none>

DPIR-1#37 Warning
Asynchronous driver check  
DSP mapping_inst/final_interp0 input pin mapping_inst/final_interp0/B[4] is connected to registers with an asynchronous reset. This is preventing the possibility of merging these registers in to the DSP Block since the DSP block registers only possess synchronous reset capability.  It is suggested to recode or change these registers to remove the reset or use a synchronous reset to get the best optimization for performance, power and area.
Related violations: <none>

DPIR-1#38 Warning
Asynchronous driver check  
DSP mapping_inst/final_interp0 input pin mapping_inst/final_interp0/B[5] is connected to registers with an asynchronous reset. This is preventing the possibility of merging these registers in to the DSP Block since the DSP block registers only possess synchronous reset capability.  It is suggested to recode or change these registers to remove the reset or use a synchronous reset to get the best optimization for performance, power and area.
Related violations: <none>

DPIR-1#39 Warning
Asynchronous driver check  
DSP mapping_inst/final_interp0 input pin mapping_inst/final_interp0/B[6] is connected to registers with an asynchronous reset. This is preventing the possibility of merging these registers in to the DSP Block since the DSP block registers only possess synchronous reset capability.  It is suggested to recode or change these registers to remove the reset or use a synchronous reset to get the best optimization for performance, power and area.
Related violations: <none>

DPIR-1#40 Warning
Asynchronous driver check  
DSP mapping_inst/final_interp0 input pin mapping_inst/final_interp0/B[7] is connected to registers with an asynchronous reset. This is preventing the possibility of merging these registers in to the DSP Block since the DSP block registers only possess synchronous reset capability.  It is suggested to recode or change these registers to remove the reset or use a synchronous reset to get the best optimization for performance, power and area.
Related violations: <none>

DPIR-1#41 Warning
Asynchronous driver check  
DSP mapping_inst/final_interp1 input pin mapping_inst/final_interp1/A[0] is connected to registers with an asynchronous reset. This is preventing the possibility of merging these registers in to the DSP Block since the DSP block registers only possess synchronous reset capability.  It is suggested to recode or change these registers to remove the reset or use a synchronous reset to get the best optimization for performance, power and area.
Related violations: <none>

DPIR-1#42 Warning
Asynchronous driver check  
DSP mapping_inst/final_interp1 input pin mapping_inst/final_interp1/A[10] is connected to registers with an asynchronous reset. This is preventing the possibility of merging these registers in to the DSP Block since the DSP block registers only possess synchronous reset capability.  It is suggested to recode or change these registers to remove the reset or use a synchronous reset to get the best optimization for performance, power and area.
Related violations: <none>

DPIR-1#43 Warning
Asynchronous driver check  
DSP mapping_inst/final_interp1 input pin mapping_inst/final_interp1/A[11] is connected to registers with an asynchronous reset. This is preventing the possibility of merging these registers in to the DSP Block since the DSP block registers only possess synchronous reset capability.  It is suggested to recode or change these registers to remove the reset or use a synchronous reset to get the best optimization for performance, power and area.
Related violations: <none>

DPIR-1#44 Warning
Asynchronous driver check  
DSP mapping_inst/final_interp1 input pin mapping_inst/final_interp1/A[12] is connected to registers with an asynchronous reset. This is preventing the possibility of merging these registers in to the DSP Block since the DSP block registers only possess synchronous reset capability.  It is suggested to recode or change these registers to remove the reset or use a synchronous reset to get the best optimization for performance, power and area.
Related violations: <none>

DPIR-1#45 Warning
Asynchronous driver check  
DSP mapping_inst/final_interp1 input pin mapping_inst/final_interp1/A[13] is connected to registers with an asynchronous reset. This is preventing the possibility of merging these registers in to the DSP Block since the DSP block registers only possess synchronous reset capability.  It is suggested to recode or change these registers to remove the reset or use a synchronous reset to get the best optimization for performance, power and area.
Related violations: <none>

DPIR-1#46 Warning
Asynchronous driver check  
DSP mapping_inst/final_interp1 input pin mapping_inst/final_interp1/A[14] is connected to registers with an asynchronous reset. This is preventing the possibility of merging these registers in to the DSP Block since the DSP block registers only possess synchronous reset capability.  It is suggested to recode or change these registers to remove the reset or use a synchronous reset to get the best optimization for performance, power and area.
Related violations: <none>

DPIR-1#47 Warning
Asynchronous driver check  
DSP mapping_inst/final_interp1 input pin mapping_inst/final_interp1/A[15] is connected to registers with an asynchronous reset. This is preventing the possibility of merging these registers in to the DSP Block since the DSP block registers only possess synchronous reset capability.  It is suggested to recode or change these registers to remove the reset or use a synchronous reset to get the best optimization for performance, power and area.
Related violations: <none>

DPIR-1#48 Warning
Asynchronous driver check  
DSP mapping_inst/final_interp1 input pin mapping_inst/final_interp1/A[1] is connected to registers with an asynchronous reset. This is preventing the possibility of merging these registers in to the DSP Block since the DSP block registers only possess synchronous reset capability.  It is suggested to recode or change these registers to remove the reset or use a synchronous reset to get the best optimization for performance, power and area.
Related violations: <none>

DPIR-1#49 Warning
Asynchronous driver check  
DSP mapping_inst/final_interp1 input pin mapping_inst/final_interp1/A[2] is connected to registers with an asynchronous reset. This is preventing the possibility of merging these registers in to the DSP Block since the DSP block registers only possess synchronous reset capability.  It is suggested to recode or change these registers to remove the reset or use a synchronous reset to get the best optimization for performance, power and area.
Related violations: <none>

DPIR-1#50 Warning
Asynchronous driver check  
DSP mapping_inst/final_interp1 input pin mapping_inst/final_interp1/A[3] is connected to registers with an asynchronous reset. This is preventing the possibility of merging these registers in to the DSP Block since the DSP block registers only possess synchronous reset capability.  It is suggested to recode or change these registers to remove the reset or use a synchronous reset to get the best optimization for performance, power and area.
Related violations: <none>

DPIR-1#51 Warning
Asynchronous driver check  
DSP mapping_inst/final_interp1 input pin mapping_inst/final_interp1/A[4] is connected to registers with an asynchronous reset. This is preventing the possibility of merging these registers in to the DSP Block since the DSP block registers only possess synchronous reset capability.  It is suggested to recode or change these registers to remove the reset or use a synchronous reset to get the best optimization for performance, power and area.
Related violations: <none>

DPIR-1#52 Warning
Asynchronous driver check  
DSP mapping_inst/final_interp1 input pin mapping_inst/final_interp1/A[5] is connected to registers with an asynchronous reset. This is preventing the possibility of merging these registers in to the DSP Block since the DSP block registers only possess synchronous reset capability.  It is suggested to recode or change these registers to remove the reset or use a synchronous reset to get the best optimization for performance, power and area.
Related violations: <none>

DPIR-1#53 Warning
Asynchronous driver check  
DSP mapping_inst/final_interp1 input pin mapping_inst/final_interp1/A[6] is connected to registers with an asynchronous reset. This is preventing the possibility of merging these registers in to the DSP Block since the DSP block registers only possess synchronous reset capability.  It is suggested to recode or change these registers to remove the reset or use a synchronous reset to get the best optimization for performance, power and area.
Related violations: <none>

DPIR-1#54 Warning
Asynchronous driver check  
DSP mapping_inst/final_interp1 input pin mapping_inst/final_interp1/A[7] is connected to registers with an asynchronous reset. This is preventing the possibility of merging these registers in to the DSP Block since the DSP block registers only possess synchronous reset capability.  It is suggested to recode or change these registers to remove the reset or use a synchronous reset to get the best optimization for performance, power and area.
Related violations: <none>

DPIR-1#55 Warning
Asynchronous driver check  
DSP mapping_inst/final_interp1 input pin mapping_inst/final_interp1/A[8] is connected to registers with an asynchronous reset. This is preventing the possibility of merging these registers in to the DSP Block since the DSP block registers only possess synchronous reset capability.  It is suggested to recode or change these registers to remove the reset or use a synchronous reset to get the best optimization for performance, power and area.
Related violations: <none>

DPIR-1#56 Warning
Asynchronous driver check  
DSP mapping_inst/final_interp1 input pin mapping_inst/final_interp1/A[9] is connected to registers with an asynchronous reset. This is preventing the possibility of merging these registers in to the DSP Block since the DSP block registers only possess synchronous reset capability.  It is suggested to recode or change these registers to remove the reset or use a synchronous reset to get the best optimization for performance, power and area.
Related violations: <none>

DPIR-1#57 Warning
Asynchronous driver check  
DSP mapping_inst/final_interp1 input pin mapping_inst/final_interp1/B[0] is connected to registers with an asynchronous reset. This is preventing the possibility of merging these registers in to the DSP Block since the DSP block registers only possess synchronous reset capability.  It is suggested to recode or change these registers to remove the reset or use a synchronous reset to get the best optimization for performance, power and area.
Related violations: <none>

TIMING-16#1 Warning
Large setup violation  
There is a large setup violation of -14.668 ns between clipper_cdf_inst/cdf_range_reg[3]/C (clocked by pclk) and clipper_cdf_inst/cdf_wr_data_reg[7]/D (clocked by pclk). Large setup violations at the end of those stages might be difficult to fix during the post-placement implementation flow and could be the result of non-optimal XDC constraints or non-optimal design architecture
Related violations: <none>

TIMING-16#2 Warning
Large setup violation  
There is a large setup violation of -15.677 ns between clipper_cdf_inst/cdf_range_reg[3]/C (clocked by pclk) and clipper_cdf_inst/cdf_wr_data_reg[6]/D (clocked by pclk). Large setup violations at the end of those stages might be difficult to fix during the post-placement implementation flow and could be the result of non-optimal XDC constraints or non-optimal design architecture
Related violations: <none>

TIMING-16#3 Warning
Large setup violation  
There is a large setup violation of -17.125 ns between clipper_cdf_inst/cdf_range_reg[3]/C (clocked by pclk) and clipper_cdf_inst/cdf_wr_data_reg[5]/D (clocked by pclk). Large setup violations at the end of those stages might be difficult to fix during the post-placement implementation flow and could be the result of non-optimal XDC constraints or non-optimal design architecture
Related violations: <none>

TIMING-16#4 Warning
Large setup violation  
There is a large setup violation of -18.178 ns between clipper_cdf_inst/cdf_range_reg[3]/C (clocked by pclk) and clipper_cdf_inst/cdf_wr_data_reg[4]/D (clocked by pclk). Large setup violations at the end of those stages might be difficult to fix during the post-placement implementation flow and could be the result of non-optimal XDC constraints or non-optimal design architecture
Related violations: <none>

TIMING-16#5 Warning
Large setup violation  
There is a large setup violation of -19.043 ns between clipper_cdf_inst/cdf_range_reg[3]/C (clocked by pclk) and clipper_cdf_inst/cdf_wr_data_reg[3]/D (clocked by pclk). Large setup violations at the end of those stages might be difficult to fix during the post-placement implementation flow and could be the result of non-optimal XDC constraints or non-optimal design architecture
Related violations: <none>

TIMING-16#6 Warning
Large setup violation  
There is a large setup violation of -20.045 ns between clipper_cdf_inst/cdf_range_reg[3]/C (clocked by pclk) and clipper_cdf_inst/cdf_wr_data_reg[2]/D (clocked by pclk). Large setup violations at the end of those stages might be difficult to fix during the post-placement implementation flow and could be the result of non-optimal XDC constraints or non-optimal design architecture
Related violations: <none>

TIMING-16#7 Warning
Large setup violation  
There is a large setup violation of -21.185 ns between clipper_cdf_inst/cdf_range_reg[3]/C (clocked by pclk) and clipper_cdf_inst/cdf_wr_data_reg[1]/D (clocked by pclk). Large setup violations at the end of those stages might be difficult to fix during the post-placement implementation flow and could be the result of non-optimal XDC constraints or non-optimal design architecture
Related violations: <none>

TIMING-16#8 Warning
Large setup violation  
There is a large setup violation of -22.347 ns between clipper_cdf_inst/cdf_range_reg[3]/C (clocked by pclk) and clipper_cdf_inst/cdf_wr_data_reg[0]/D (clocked by pclk). Large setup violations at the end of those stages might be difficult to fix during the post-placement implementation flow and could be the result of non-optimal XDC constraints or non-optimal design architecture
Related violations: <none>

TIMING-18#1 Warning
Missing input or output delay  
An input delay is missing on clip_threshold[0] relative to clock(s) pclk
Related violations: <none>

TIMING-18#2 Warning
Missing input or output delay  
An input delay is missing on clip_threshold[1] relative to clock(s) pclk
Related violations: <none>

TIMING-18#3 Warning
Missing input or output delay  
An input delay is missing on clip_threshold[2] relative to clock(s) pclk
Related violations: <none>

TIMING-18#4 Warning
Missing input or output delay  
An input delay is missing on clip_threshold[3] relative to clock(s) pclk
Related violations: <none>

TIMING-18#5 Warning
Missing input or output delay  
An input delay is missing on clip_threshold[4] relative to clock(s) pclk
Related violations: <none>

TIMING-18#6 Warning
Missing input or output delay  
An input delay is missing on clip_threshold[5] relative to clock(s) pclk
Related violations: <none>

TIMING-18#7 Warning
Missing input or output delay  
An input delay is missing on clip_threshold[6] relative to clock(s) pclk
Related violations: <none>

TIMING-18#8 Warning
Missing input or output delay  
An input delay is missing on clip_threshold[7] relative to clock(s) pclk
Related violations: <none>

TIMING-18#9 Warning
Missing input or output delay  
An input delay is missing on enable_clahe relative to clock(s) pclk
Related violations: <none>

TIMING-18#10 Warning
Missing input or output delay  
An input delay is missing on enable_interp relative to clock(s) pclk
Related violations: <none>

TIMING-18#11 Warning
Missing input or output delay  
An input delay is missing on in_href relative to clock(s) pclk
Related violations: <none>

TIMING-18#12 Warning
Missing input or output delay  
An input delay is missing on in_u[0] relative to clock(s) pclk
Related violations: <none>

TIMING-18#13 Warning
Missing input or output delay  
An input delay is missing on in_u[1] relative to clock(s) pclk
Related violations: <none>

TIMING-18#14 Warning
Missing input or output delay  
An input delay is missing on in_u[2] relative to clock(s) pclk
Related violations: <none>

TIMING-18#15 Warning
Missing input or output delay  
An input delay is missing on in_u[3] relative to clock(s) pclk
Related violations: <none>

TIMING-18#16 Warning
Missing input or output delay  
An input delay is missing on in_u[4] relative to clock(s) pclk
Related violations: <none>

TIMING-18#17 Warning
Missing input or output delay  
An input delay is missing on in_u[5] relative to clock(s) pclk
Related violations: <none>

TIMING-18#18 Warning
Missing input or output delay  
An input delay is missing on in_u[6] relative to clock(s) pclk
Related violations: <none>

TIMING-18#19 Warning
Missing input or output delay  
An input delay is missing on in_u[7] relative to clock(s) pclk
Related violations: <none>

TIMING-18#20 Warning
Missing input or output delay  
An input delay is missing on in_v[0] relative to clock(s) pclk
Related violations: <none>

TIMING-18#21 Warning
Missing input or output delay  
An input delay is missing on in_v[1] relative to clock(s) pclk
Related violations: <none>

TIMING-18#22 Warning
Missing input or output delay  
An input delay is missing on in_v[2] relative to clock(s) pclk
Related violations: <none>

TIMING-18#23 Warning
Missing input or output delay  
An input delay is missing on in_v[3] relative to clock(s) pclk
Related violations: <none>

TIMING-18#24 Warning
Missing input or output delay  
An input delay is missing on in_v[4] relative to clock(s) pclk
Related violations: <none>

TIMING-18#25 Warning
Missing input or output delay  
An input delay is missing on in_v[5] relative to clock(s) pclk
Related violations: <none>

TIMING-18#26 Warning
Missing input or output delay  
An input delay is missing on in_v[6] relative to clock(s) pclk
Related violations: <none>

TIMING-18#27 Warning
Missing input or output delay  
An input delay is missing on in_v[7] relative to clock(s) pclk
Related violations: <none>

TIMING-18#28 Warning
Missing input or output delay  
An input delay is missing on in_vsync relative to clock(s) pclk
Related violations: <none>

TIMING-18#29 Warning
Missing input or output delay  
An input delay is missing on in_y[0] relative to clock(s) pclk
Related violations: <none>

TIMING-18#30 Warning
Missing input or output delay  
An input delay is missing on in_y[1] relative to clock(s) pclk
Related violations: <none>

TIMING-18#31 Warning
Missing input or output delay  
An input delay is missing on in_y[2] relative to clock(s) pclk
Related violations: <none>

TIMING-18#32 Warning
Missing input or output delay  
An input delay is missing on in_y[3] relative to clock(s) pclk
Related violations: <none>

TIMING-18#33 Warning
Missing input or output delay  
An input delay is missing on in_y[4] relative to clock(s) pclk
Related violations: <none>

TIMING-18#34 Warning
Missing input or output delay  
An input delay is missing on in_y[5] relative to clock(s) pclk
Related violations: <none>

TIMING-18#35 Warning
Missing input or output delay  
An input delay is missing on in_y[6] relative to clock(s) pclk
Related violations: <none>

TIMING-18#36 Warning
Missing input or output delay  
An input delay is missing on in_y[7] relative to clock(s) pclk
Related violations: <none>

TIMING-18#37 Warning
Missing input or output delay  
An input delay is missing on rst_n relative to clock(s) pclk
Related violations: <none>

TIMING-18#38 Warning
Missing input or output delay  
An output delay is missing on dbg_cdf_done relative to clock(s) pclk
Related violations: <none>

TIMING-18#39 Warning
Missing input or output delay  
An output delay is missing on dbg_cdf_processing relative to clock(s) pclk
Related violations: <none>

TIMING-18#40 Warning
Missing input or output delay  
An output delay is missing on dbg_ping_pong_flag relative to clock(s) pclk
Related violations: <none>

TIMING-18#41 Warning
Missing input or output delay  
An output delay is missing on out_href relative to clock(s) pclk
Related violations: <none>

TIMING-18#42 Warning
Missing input or output delay  
An output delay is missing on out_u[0] relative to clock(s) pclk
Related violations: <none>

TIMING-18#43 Warning
Missing input or output delay  
An output delay is missing on out_u[1] relative to clock(s) pclk
Related violations: <none>

TIMING-18#44 Warning
Missing input or output delay  
An output delay is missing on out_u[2] relative to clock(s) pclk
Related violations: <none>

TIMING-18#45 Warning
Missing input or output delay  
An output delay is missing on out_u[3] relative to clock(s) pclk
Related violations: <none>

TIMING-18#46 Warning
Missing input or output delay  
An output delay is missing on out_u[4] relative to clock(s) pclk
Related violations: <none>

TIMING-18#47 Warning
Missing input or output delay  
An output delay is missing on out_u[5] relative to clock(s) pclk
Related violations: <none>

TIMING-18#48 Warning
Missing input or output delay  
An output delay is missing on out_u[6] relative to clock(s) pclk
Related violations: <none>

TIMING-18#49 Warning
Missing input or output delay  
An output delay is missing on out_u[7] relative to clock(s) pclk
Related violations: <none>

TIMING-18#50 Warning
Missing input or output delay  
An output delay is missing on out_v[0] relative to clock(s) pclk
Related violations: <none>

TIMING-18#51 Warning
Missing input or output delay  
An output delay is missing on out_v[1] relative to clock(s) pclk
Related violations: <none>

TIMING-18#52 Warning
Missing input or output delay  
An output delay is missing on out_v[2] relative to clock(s) pclk
Related violations: <none>

TIMING-18#53 Warning
Missing input or output delay  
An output delay is missing on out_v[3] relative to clock(s) pclk
Related violations: <none>

TIMING-18#54 Warning
Missing input or output delay  
An output delay is missing on out_v[4] relative to clock(s) pclk
Related violations: <none>

TIMING-18#55 Warning
Missing input or output delay  
An output delay is missing on out_v[5] relative to clock(s) pclk
Related violations: <none>

TIMING-18#56 Warning
Missing input or output delay  
An output delay is missing on out_v[6] relative to clock(s) pclk
Related violations: <none>

TIMING-18#57 Warning
Missing input or output delay  
An output delay is missing on out_v[7] relative to clock(s) pclk
Related violations: <none>

TIMING-18#58 Warning
Missing input or output delay  
An output delay is missing on out_vsync relative to clock(s) pclk
Related violations: <none>

TIMING-18#59 Warning
Missing input or output delay  
An output delay is missing on out_y[0] relative to clock(s) pclk
Related violations: <none>

TIMING-18#60 Warning
Missing input or output delay  
An output delay is missing on out_y[1] relative to clock(s) pclk
Related violations: <none>

TIMING-18#61 Warning
Missing input or output delay  
An output delay is missing on out_y[2] relative to clock(s) pclk
Related violations: <none>

TIMING-18#62 Warning
Missing input or output delay  
An output delay is missing on out_y[3] relative to clock(s) pclk
Related violations: <none>

TIMING-18#63 Warning
Missing input or output delay  
An output delay is missing on out_y[4] relative to clock(s) pclk
Related violations: <none>

TIMING-18#64 Warning
Missing input or output delay  
An output delay is missing on out_y[5] relative to clock(s) pclk
Related violations: <none>

TIMING-18#65 Warning
Missing input or output delay  
An output delay is missing on out_y[6] relative to clock(s) pclk
Related violations: <none>

TIMING-18#66 Warning
Missing input or output delay  
An output delay is missing on out_y[7] relative to clock(s) pclk
Related violations: <none>


