Copyright 1986-2018 Xilinx, Inc. All Rights Reserved.
--------------------------------------------------------------------------------------
| Tool Version : Vivado v.2018.3 (win64) Build 2405991 Thu Dec  6 23:38:27 MST 2018
| Date         : Sun Dec  7 02:00:10 2025
| Host         : zph running 64-bit major release  (build 9200)
| Command      : report_control_sets -verbose -file clahe_top_control_sets_placed.rpt
| Design       : clahe_top
| Device       : xc7z020
--------------------------------------------------------------------------------------

Control Set Information

Table of Contents
-----------------
1. Summary
2. Histogram
3. Flip-Flop Distribution
4. Detailed Control Set Information

1. Summary
----------

+----------------------------------------------------------+-------+
|                          Status                          | Count |
+----------------------------------------------------------+-------+
| Number of unique control sets                            |    37 |
| Unused register locations in slices containing registers |    96 |
+----------------------------------------------------------+-------+


2. Histogram
------------

+--------+--------------+
| Fanout | Control Sets |
+--------+--------------+
|      1 |            2 |
|      3 |            1 |
|      4 |            5 |
|      5 |            1 |
|      7 |            2 |
|      8 |            7 |
|      9 |            1 |
|     10 |            1 |
|     11 |            1 |
|     12 |            1 |
|     13 |            1 |
|     14 |            1 |
|    16+ |           13 |
+--------+--------------+


3. Flip-Flop Distribution
-------------------------

+--------------+-----------------------+------------------------+-----------------+--------------+
| Clock Enable | Synchronous Set/Reset | Asynchronous Set/Reset | Total Registers | Total Slices |
+--------------+-----------------------+------------------------+-----------------+--------------+
| No           | No                    | No                     |              17 |            3 |
| No           | No                    | Yes                    |             227 |           92 |
| No           | Yes                   | No                     |               0 |            0 |
| Yes          | No                    | No                     |               0 |            0 |
| Yes          | No                    | Yes                    |             316 |          110 |
| Yes          | Yes                   | No                     |               0 |            0 |
+--------------+-----------------------+------------------------+-----------------+--------------+


4. Detailed Control Set Information
-----------------------------------

+-----------------+---------------------------------------------------------+--------------------------+------------------+----------------+
|   Clock Signal  |                      Enable Signal                      |     Set/Reset Signal     | Slice Load Count | Bel Load Count |
+-----------------+---------------------------------------------------------+--------------------------+------------------+----------------+
|  pclk_IBUF_BUFG | hist_stat_inst/pixel_counter[0]_i_1_n_0                 | hist_stat_inst/rst_n     |                1 |              1 |
|  pclk_IBUF_BUFG | clipper_cdf_inst/cdf_wr_data[7]_i_1_n_0                 | clipper_cdf_inst/rst_n_0 |                1 |              1 |
|  pclk_IBUF_BUFG | clipper_cdf_inst/cdf_range0                             | mapping_inst/rst_n_0     |                1 |              3 |
|  pclk_IBUF_BUFG | clipper_cdf_inst/tile_cnt                               | clipper_cdf_inst/rst_n_0 |                1 |              4 |
|  pclk_IBUF_BUFG | clipper_cdf_inst/cdf_wr_tile_idx[3]_i_1_n_0             | clipper_cdf_inst/rst_n_0 |                2 |              4 |
|  pclk_IBUF_BUFG | clipper_cdf_inst/hist_buf_ram_inst/E[0]                 | mapping_inst/rst_n       |                2 |              4 |
|  pclk_IBUF_BUFG | coord_counter_inst/x_cnt[10]_i_1_n_0                    | clipper_cdf_inst/rst_n_0 |                2 |              4 |
|  pclk_IBUF_BUFG | clipper_cdf_inst/hist_buf_ram_inst/cdf_min_found_reg[0] | mapping_inst/rst_n       |                2 |              4 |
|  pclk_IBUF_BUFG | clipper_cdf_inst/cdf_range0                             | mapping_inst/rst_n       |                2 |              5 |
|  pclk_IBUF_BUFG | clipper_cdf_inst/cdf_wr_data[7]_i_1_n_0                 | hist_stat_inst/rst_n     |                5 |              7 |
|  pclk_IBUF_BUFG | coord_counter_inst/x_cnt[10]_i_1_n_0                    | clipper_cdf_inst/rst_n   |                4 |              7 |
|  pclk_IBUF_BUFG | ram_16tiles_inst/clear_addr[7]_i_1_n_0                  | hist_stat_inst/rst_n     |                4 |              8 |
|  pclk_IBUF_BUFG | clipper_cdf_inst/cdf_wr_bin_addr[7]_i_1_n_0             | clipper_cdf_inst/rst_n_0 |                3 |              8 |
|  pclk_IBUF_BUFG | clipper_cdf_inst/hist_buf_addra_r[7]_i_1_n_0            | clipper_cdf_inst/rst_n_0 |                3 |              8 |
|  pclk_IBUF_BUFG | clipper_cdf_inst/norm_stage2_addr[7]_i_1_n_0            | hist_stat_inst/rst_n     |                3 |              8 |
|  pclk_IBUF_BUFG | clipper_cdf_inst/hist_rd_bin_addr[7]_i_1_n_0            | clipper_cdf_inst/rst_n_0 |                3 |              8 |
|  pclk_IBUF_BUFG | clipper_cdf_inst/cdf_ram_addra_r[7]_i_1_n_0             | clipper_cdf_inst/rst_n_0 |                2 |              8 |
|  pclk_IBUF_BUFG | clipper_cdf_inst/cdf_range0                             | clipper_cdf_inst/rst_n   |                2 |              8 |
|  pclk_IBUF_BUFG | clipper_cdf_inst/bin_cnt[8]_i_1_n_0                     | clipper_cdf_inst/rst_n_0 |                4 |              9 |
|  pclk_IBUF_BUFG | coord_counter_inst/y_cnt[9]_i_1_n_0                     | clipper_cdf_inst/rst_n   |                4 |             10 |
|  pclk_IBUF_BUFG |                                                         | clipper_cdf_inst/rst_n   |                4 |             11 |
|  pclk_IBUF_BUFG | clipper_cdf_inst/hist_buf_ram_inst/E[0]                 | clipper_cdf_inst/rst_n   |                6 |             12 |
|  pclk_IBUF_BUFG | clipper_cdf_inst/hist_buf_ram_inst/cdf_min_found_reg[0] | clipper_cdf_inst/rst_n   |                5 |             13 |
|  pclk_IBUF_BUFG |                                                         | clipper_cdf_inst/rst_n_0 |               11 |             14 |
|  pclk_IBUF_BUFG | clipper_cdf_inst/hist_buf_dina_r                        | clipper_cdf_inst/rst_n_0 |                4 |             16 |
|  pclk_IBUF_BUFG | clipper_cdf_inst/cdf_temp                               | clipper_cdf_inst/rst_n   |                6 |             16 |
|  pclk_IBUF_BUFG | clipper_cdf_inst/cdf_ram_dina_r                         | hist_stat_inst/rst_n     |                4 |             16 |
|  pclk_IBUF_BUFG | hist_stat_inst/conflict                                 | hist_stat_inst/rst_n     |                6 |             16 |
|  pclk_IBUF_BUFG | clipper_cdf_inst/excess_total[16]_i_1_n_0               | clipper_cdf_inst/rst_n_0 |                4 |             17 |
|  pclk_IBUF_BUFG | hist_stat_inst/pixel_counter[0]_i_1_n_0                 | mapping_inst/rst_n       |                5 |             19 |
|  pclk_IBUF_BUFG | clipper_cdf_inst/norm_stage2_addr[7]_i_1_n_0            | clipper_cdf_inst/rst_n   |                6 |             24 |
|  pclk_IBUF_BUFG | clipper_cdf_inst/hist_buf_addrb_r[7]_i_1_n_0            | clipper_cdf_inst/rst_n_0 |                7 |             24 |
|  pclk_IBUF_BUFG | clipper_cdf_inst/norm_stage1_addr[7]_i_1_n_0            | clipper_cdf_inst/rst_n   |                6 |             24 |
|  pclk_IBUF_BUFG |                                                         |                          |                3 |             34 |
|  pclk_IBUF_BUFG |                                                         | mapping_inst/rst_n_0     |               13 |             40 |
|  pclk_IBUF_BUFG |                                                         | hist_stat_inst/rst_n     |               32 |             69 |
|  pclk_IBUF_BUFG |                                                         | mapping_inst/rst_n       |               32 |             93 |
+-----------------+---------------------------------------------------------+--------------------------+------------------+----------------+


