Copyright 1986-2018 Xilinx, Inc. All Rights Reserved.
---------------------------------------------------------------------------------------------------------------------
| Tool Version : Vivado v.2018.3 (win64) Build 2405991 Thu Dec  6 23:38:27 MST 2018
| Date         : Sun Dec  7 02:00:35 2025
| Host         : zph running 64-bit major release  (build 9200)
| Command      : report_drc -file clahe_top_drc_routed.rpt -pb clahe_top_drc_routed.pb -rpx clahe_top_drc_routed.rpx
| Design       : clahe_top
| Device       : xc7z020clg400-3
| Speed File   : -3
| Design State : Fully Routed
---------------------------------------------------------------------------------------------------------------------

Report DRC

Table of Contents
-----------------
1. REPORT SUMMARY
2. REPORT DETAILS

1. REPORT SUMMARY
-----------------
            Netlist: netlist
          Floorplan: design_1
      Design limits: <entire design considered>
           Ruledeck: default
             Max violations: <unlimited>
             Violations found: 40
+-----------+------------------+----------------------------+------------+
| Rule      | Severity         | Description                | Violations |
+-----------+------------------+----------------------------+------------+
| NSTD-1    | Critical Warning | Unspecified I/O Standard   | 1          |
| UCIO-1    | Critical Warning | Unconstrained Logical Port | 1          |
| CHECK-3   | Warning          | Report rule limit reached  | 1          |
| DPIP-1    | Warning          | Input pipelining           | 8          |
| DPOP-1    | Warning          | PREG Output pipelining     | 3          |
| DPOP-2    | Warning          | MREG Output pipelining     | 5          |
| REQP-1840 | Warning          | RAMB18 async control check | 20         |
| ZPS7-1    | Warning          | PS7 block required         | 1          |
+-----------+------------------+----------------------------+------------+

2. REPORT DETAILS
-----------------
NSTD-1#1 Critical Warning
Unspecified I/O Standard  
75 out of 75 logical ports use I/O standard (IOSTANDARD) value 'DEFAULT', instead of a user assigned specific value. This may cause I/O contention or incompatibility with the board power or connectivity affecting performance, signal integrity or in extreme cases cause damage to the device or the components to which it is connected. To correct this violation, specify all I/O standards. This design will fail to generate a bitstream unless all logical ports have a user specified I/O standard value defined. To allow bitstream creation with unspecified I/O standard values (not recommended), use this command: set_property SEVERITY {Warning} [get_drc_checks NSTD-1].  NOTE: When using the Vivado Runs infrastructure (e.g. launch_runs Tcl command), add this command to a .tcl file and add that file as a pre-hook for write_bitstream step for the implementation run. Problem ports: clip_threshold[15:0], in_u[7:0], in_v[7:0], in_y[7:0], out_u[7:0], out_v[7:0], out_y[7:0], dbg_cdf_done, dbg_cdf_processing, dbg_ping_pong_flag, enable_clahe, enable_interp, in_href, in_vsync, out_href (the first 15 of 18 listed).
Related violations: <none>

UCIO-1#1 Critical Warning
Unconstrained Logical Port  
75 out of 75 logical ports have no user assigned specific location constraint (LOC). This may cause I/O contention or incompatibility with the board power or connectivity affecting performance, signal integrity or in extreme cases cause damage to the device or the components to which it is connected. To correct this violation, specify all pin locations. This design will fail to generate a bitstream unless all logical ports have a user specified site LOC constraint defined.  To allow bitstream creation with unspecified pin locations (not recommended), use this command: set_property SEVERITY {Warning} [get_drc_checks UCIO-1].  NOTE: When using the Vivado Runs infrastructure (e.g. launch_runs Tcl command), add this command to a .tcl file and add that file as a pre-hook for write_bitstream step for the implementation run.  Problem ports: clip_threshold[15:0], in_u[7:0], in_v[7:0], in_y[7:0], out_u[7:0], out_v[7:0], out_y[7:0], dbg_cdf_done, dbg_cdf_processing, dbg_ping_pong_flag, enable_clahe, enable_interp, in_href, in_vsync, out_href (the first 15 of 18 listed).
Related violations: <none>

CHECK-3#1 Warning
Report rule limit reached  
REQP-1840 rule limit reached: 20 violations have been found.
Related violations: <none>

DPIP-1#1 Warning
Input pipelining  
DSP clipper_cdf_inst/norm_stage2_mult0 input clipper_cdf_inst/norm_stage2_mult0/A[29:0] is not pipelined. Pipelining DSP48 input will improve performance.
Related violations: <none>

DPIP-1#2 Warning
Input pipelining  
DSP mapping_inst/final_interp0 input mapping_inst/final_interp0/A[29:0] is not pipelined. Pipelining DSP48 input will improve performance.
Related violations: <none>

DPIP-1#3 Warning
Input pipelining  
DSP mapping_inst/final_interp0 input mapping_inst/final_interp0/B[17:0] is not pipelined. Pipelining DSP48 input will improve performance.
Related violations: <none>

DPIP-1#4 Warning
Input pipelining  
DSP mapping_inst/final_interp0 input mapping_inst/final_interp0/C[47:0] is not pipelined. Pipelining DSP48 input will improve performance.
Related violations: <none>

DPIP-1#5 Warning
Input pipelining  
DSP mapping_inst/final_interp1 input mapping_inst/final_interp1/A[29:0] is not pipelined. Pipelining DSP48 input will improve performance.
Related violations: <none>

DPIP-1#6 Warning
Input pipelining  
DSP mapping_inst/final_interp1 input mapping_inst/final_interp1/B[17:0] is not pipelined. Pipelining DSP48 input will improve performance.
Related violations: <none>

DPIP-1#7 Warning
Input pipelining  
DSP mapping_inst/wx0 input mapping_inst/wx0/A[29:0] is not pipelined. Pipelining DSP48 input will improve performance.
Related violations: <none>

DPIP-1#8 Warning
Input pipelining  
DSP mapping_inst/wy0 input mapping_inst/wy0/A[29:0] is not pipelined. Pipelining DSP48 input will improve performance.
Related violations: <none>

DPOP-1#1 Warning
PREG Output pipelining  
DSP clipper_cdf_inst/norm_stage2_mult0 output clipper_cdf_inst/norm_stage2_mult0/P[47:0] is not pipelined (PREG=0). Pipelining the DSP48 output will improve performance and often saves power so it is suggested whenever possible to fully pipeline this function.  If this DSP48 function was inferred, it is suggested to describe an additional register stage after this function.  If the DSP48 was instantiated in the design, it is suggested to set the PREG attribute to 1.
Related violations: <none>

DPOP-1#2 Warning
PREG Output pipelining  
DSP mapping_inst/final_interp0 output mapping_inst/final_interp0/P[47:0] is not pipelined (PREG=0). Pipelining the DSP48 output will improve performance and often saves power so it is suggested whenever possible to fully pipeline this function.  If this DSP48 function was inferred, it is suggested to describe an additional register stage after this function.  If the DSP48 was instantiated in the design, it is suggested to set the PREG attribute to 1.
Related violations: <none>

DPOP-1#3 Warning
PREG Output pipelining  
DSP mapping_inst/final_interp1 output mapping_inst/final_interp1/P[47:0] is not pipelined (PREG=0). Pipelining the DSP48 output will improve performance and often saves power so it is suggested whenever possible to fully pipeline this function.  If this DSP48 function was inferred, it is suggested to describe an additional register stage after this function.  If the DSP48 was instantiated in the design, it is suggested to set the PREG attribute to 1.
Related violations: <none>

DPOP-2#1 Warning
MREG Output pipelining  
DSP clipper_cdf_inst/norm_stage2_mult0 multiplier stage clipper_cdf_inst/norm_stage2_mult0/P[47:0] is not pipelined (MREG=0). Pipelining the multiplier function will improve performance and will save significant power so it is suggested whenever possible to fully pipeline this function.  If this multiplier was inferred, it is suggested to describe an additional register stage after this function.  If there is no registered adder/accumulator following the multiply function, two pipeline stages are suggested to allow both the MREG and PREG registers to be used.  If the DSP48 was instantiated in the design, it is suggested to set both the MREG and PREG attributes to 1 when performing multiply functions.
Related violations: <none>

DPOP-2#2 Warning
MREG Output pipelining  
DSP mapping_inst/final_interp0 multiplier stage mapping_inst/final_interp0/P[47:0] is not pipelined (MREG=0). Pipelining the multiplier function will improve performance and will save significant power so it is suggested whenever possible to fully pipeline this function.  If this multiplier was inferred, it is suggested to describe an additional register stage after this function.  If there is no registered adder/accumulator following the multiply function, two pipeline stages are suggested to allow both the MREG and PREG registers to be used.  If the DSP48 was instantiated in the design, it is suggested to set both the MREG and PREG attributes to 1 when performing multiply functions.
Related violations: <none>

DPOP-2#3 Warning
MREG Output pipelining  
DSP mapping_inst/final_interp1 multiplier stage mapping_inst/final_interp1/P[47:0] is not pipelined (MREG=0). Pipelining the multiplier function will improve performance and will save significant power so it is suggested whenever possible to fully pipeline this function.  If this multiplier was inferred, it is suggested to describe an additional register stage after this function.  If there is no registered adder/accumulator following the multiply function, two pipeline stages are suggested to allow both the MREG and PREG registers to be used.  If the DSP48 was instantiated in the design, it is suggested to set both the MREG and PREG attributes to 1 when performing multiply functions.
Related violations: <none>

DPOP-2#4 Warning
MREG Output pipelining  
DSP mapping_inst/wx0 multiplier stage mapping_inst/wx0/P[47:0] is not pipelined (MREG=0). Pipelining the multiplier function will improve performance and will save significant power so it is suggested whenever possible to fully pipeline this function.  If this multiplier was inferred, it is suggested to describe an additional register stage after this function.  If there is no registered adder/accumulator following the multiply function, two pipeline stages are suggested to allow both the MREG and PREG registers to be used.  If the DSP48 was instantiated in the design, it is suggested to set both the MREG and PREG attributes to 1 when performing multiply functions.
Related violations: <none>

DPOP-2#5 Warning
MREG Output pipelining  
DSP mapping_inst/wy0 multiplier stage mapping_inst/wy0/P[47:0] is not pipelined (MREG=0). Pipelining the multiplier function will improve performance and will save significant power so it is suggested whenever possible to fully pipeline this function.  If this multiplier was inferred, it is suggested to describe an additional register stage after this function.  If there is no registered adder/accumulator following the multiply function, two pipeline stages are suggested to allow both the MREG and PREG registers to be used.  If the DSP48 was instantiated in the design, it is suggested to set both the MREG and PREG attributes to 1 when performing multiply functions.
Related violations: <none>

REQP-1840#1 Warning
RAMB18 async control check  
The RAMB18E1 clipper_cdf_inst/cdf_ram_inst/ram_reg has an input control pin clipper_cdf_inst/cdf_ram_inst/ram_reg/ADDRARDADDR[10] (net: clipper_cdf_inst/cdf_ram_inst/Q[6]) which is driven by a register (clipper_cdf_inst/cdf_ram_addra_r_reg[6]) that has an active asychronous set or reset. This may cause corruption of the memory contents and/or read values when the set/reset is asserted and is not analyzed by the default static timing analysis. It is suggested to eliminate the use of a set/reset to registers driving this RAMB pin or else use a synchronous reset in which the assertion of the reset is timed by default.
Related violations: <none>

REQP-1840#2 Warning
RAMB18 async control check  
The RAMB18E1 clipper_cdf_inst/cdf_ram_inst/ram_reg has an input control pin clipper_cdf_inst/cdf_ram_inst/ram_reg/ADDRARDADDR[11] (net: clipper_cdf_inst/cdf_ram_inst/Q[7]) which is driven by a register (clipper_cdf_inst/cdf_ram_addra_r_reg[7]) that has an active asychronous set or reset. This may cause corruption of the memory contents and/or read values when the set/reset is asserted and is not analyzed by the default static timing analysis. It is suggested to eliminate the use of a set/reset to registers driving this RAMB pin or else use a synchronous reset in which the assertion of the reset is timed by default.
Related violations: <none>

REQP-1840#3 Warning
RAMB18 async control check  
The RAMB18E1 clipper_cdf_inst/cdf_ram_inst/ram_reg has an input control pin clipper_cdf_inst/cdf_ram_inst/ram_reg/ADDRARDADDR[4] (net: clipper_cdf_inst/cdf_ram_inst/Q[0]) which is driven by a register (clipper_cdf_inst/cdf_ram_addra_r_reg[0]) that has an active asychronous set or reset. This may cause corruption of the memory contents and/or read values when the set/reset is asserted and is not analyzed by the default static timing analysis. It is suggested to eliminate the use of a set/reset to registers driving this RAMB pin or else use a synchronous reset in which the assertion of the reset is timed by default.
Related violations: <none>

REQP-1840#4 Warning
RAMB18 async control check  
The RAMB18E1 clipper_cdf_inst/cdf_ram_inst/ram_reg has an input control pin clipper_cdf_inst/cdf_ram_inst/ram_reg/ADDRARDADDR[5] (net: clipper_cdf_inst/cdf_ram_inst/Q[1]) which is driven by a register (clipper_cdf_inst/cdf_ram_addra_r_reg[1]) that has an active asychronous set or reset. This may cause corruption of the memory contents and/or read values when the set/reset is asserted and is not analyzed by the default static timing analysis. It is suggested to eliminate the use of a set/reset to registers driving this RAMB pin or else use a synchronous reset in which the assertion of the reset is timed by default.
Related violations: <none>

REQP-1840#5 Warning
RAMB18 async control check  
The RAMB18E1 clipper_cdf_inst/cdf_ram_inst/ram_reg has an input control pin clipper_cdf_inst/cdf_ram_inst/ram_reg/ADDRARDADDR[6] (net: clipper_cdf_inst/cdf_ram_inst/Q[2]) which is driven by a register (clipper_cdf_inst/cdf_ram_addra_r_reg[2]) that has an active asychronous set or reset. This may cause corruption of the memory contents and/or read values when the set/reset is asserted and is not analyzed by the default static timing analysis. It is suggested to eliminate the use of a set/reset to registers driving this RAMB pin or else use a synchronous reset in which the assertion of the reset is timed by default.
Related violations: <none>

REQP-1840#6 Warning
RAMB18 async control check  
The RAMB18E1 clipper_cdf_inst/cdf_ram_inst/ram_reg has an input control pin clipper_cdf_inst/cdf_ram_inst/ram_reg/ADDRARDADDR[7] (net: clipper_cdf_inst/cdf_ram_inst/Q[3]) which is driven by a register (clipper_cdf_inst/cdf_ram_addra_r_reg[3]) that has an active asychronous set or reset. This may cause corruption of the memory contents and/or read values when the set/reset is asserted and is not analyzed by the default static timing analysis. It is suggested to eliminate the use of a set/reset to registers driving this RAMB pin or else use a synchronous reset in which the assertion of the reset is timed by default.
Related violations: <none>

REQP-1840#7 Warning
RAMB18 async control check  
The RAMB18E1 clipper_cdf_inst/cdf_ram_inst/ram_reg has an input control pin clipper_cdf_inst/cdf_ram_inst/ram_reg/ADDRARDADDR[8] (net: clipper_cdf_inst/cdf_ram_inst/Q[4]) which is driven by a register (clipper_cdf_inst/cdf_ram_addra_r_reg[4]) that has an active asychronous set or reset. This may cause corruption of the memory contents and/or read values when the set/reset is asserted and is not analyzed by the default static timing analysis. It is suggested to eliminate the use of a set/reset to registers driving this RAMB pin or else use a synchronous reset in which the assertion of the reset is timed by default.
Related violations: <none>

REQP-1840#8 Warning
RAMB18 async control check  
The RAMB18E1 clipper_cdf_inst/cdf_ram_inst/ram_reg has an input control pin clipper_cdf_inst/cdf_ram_inst/ram_reg/ADDRARDADDR[9] (net: clipper_cdf_inst/cdf_ram_inst/Q[5]) which is driven by a register (clipper_cdf_inst/cdf_ram_addra_r_reg[5]) that has an active asychronous set or reset. This may cause corruption of the memory contents and/or read values when the set/reset is asserted and is not analyzed by the default static timing analysis. It is suggested to eliminate the use of a set/reset to registers driving this RAMB pin or else use a synchronous reset in which the assertion of the reset is timed by default.
Related violations: <none>

REQP-1840#9 Warning
RAMB18 async control check  
The RAMB18E1 clipper_cdf_inst/cdf_ram_inst/ram_reg has an input control pin clipper_cdf_inst/cdf_ram_inst/ram_reg/ENARDEN (net: clipper_cdf_inst/cdf_ram_inst/ram_reg_0) which is driven by a register (clipper_cdf_inst/cdf_ram_ena_r_reg) that has an active asychronous set or reset. This may cause corruption of the memory contents and/or read values when the set/reset is asserted and is not analyzed by the default static timing analysis. It is suggested to eliminate the use of a set/reset to registers driving this RAMB pin or else use a synchronous reset in which the assertion of the reset is timed by default.
Related violations: <none>

REQP-1840#10 Warning
RAMB18 async control check  
The RAMB18E1 clipper_cdf_inst/cdf_ram_inst/ram_reg has an input control pin clipper_cdf_inst/cdf_ram_inst/ram_reg/WEA[0] (net: clipper_cdf_inst/cdf_ram_inst/WEA[0]) which is driven by a register (clipper_cdf_inst/cdf_ram_wea_r_reg) that has an active asychronous set or reset. This may cause corruption of the memory contents and/or read values when the set/reset is asserted and is not analyzed by the default static timing analysis. It is suggested to eliminate the use of a set/reset to registers driving this RAMB pin or else use a synchronous reset in which the assertion of the reset is timed by default.
Related violations: <none>

REQP-1840#11 Warning
RAMB18 async control check  
The RAMB18E1 clipper_cdf_inst/cdf_ram_inst/ram_reg has an input control pin clipper_cdf_inst/cdf_ram_inst/ram_reg/WEA[1] (net: clipper_cdf_inst/cdf_ram_inst/WEA[0]) which is driven by a register (clipper_cdf_inst/cdf_ram_wea_r_reg) that has an active asychronous set or reset. This may cause corruption of the memory contents and/or read values when the set/reset is asserted and is not analyzed by the default static timing analysis. It is suggested to eliminate the use of a set/reset to registers driving this RAMB pin or else use a synchronous reset in which the assertion of the reset is timed by default.
Related violations: <none>

REQP-1840#12 Warning
RAMB18 async control check  
The RAMB18E1 clipper_cdf_inst/hist_buf_ram_inst/ram_reg has an input control pin clipper_cdf_inst/hist_buf_ram_inst/ram_reg/ADDRARDADDR[10] (net: clipper_cdf_inst/hist_buf_ram_inst/Q[6]) which is driven by a register (clipper_cdf_inst/hist_buf_addra_r_reg[6]) that has an active asychronous set or reset. This may cause corruption of the memory contents and/or read values when the set/reset is asserted and is not analyzed by the default static timing analysis. It is suggested to eliminate the use of a set/reset to registers driving this RAMB pin or else use a synchronous reset in which the assertion of the reset is timed by default.
Related violations: <none>

REQP-1840#13 Warning
RAMB18 async control check  
The RAMB18E1 clipper_cdf_inst/hist_buf_ram_inst/ram_reg has an input control pin clipper_cdf_inst/hist_buf_ram_inst/ram_reg/ADDRARDADDR[11] (net: clipper_cdf_inst/hist_buf_ram_inst/Q[7]) which is driven by a register (clipper_cdf_inst/hist_buf_addra_r_reg[7]) that has an active asychronous set or reset. This may cause corruption of the memory contents and/or read values when the set/reset is asserted and is not analyzed by the default static timing analysis. It is suggested to eliminate the use of a set/reset to registers driving this RAMB pin or else use a synchronous reset in which the assertion of the reset is timed by default.
Related violations: <none>

REQP-1840#14 Warning
RAMB18 async control check  
The RAMB18E1 clipper_cdf_inst/hist_buf_ram_inst/ram_reg has an input control pin clipper_cdf_inst/hist_buf_ram_inst/ram_reg/ADDRARDADDR[4] (net: clipper_cdf_inst/hist_buf_ram_inst/Q[0]) which is driven by a register (clipper_cdf_inst/hist_buf_addra_r_reg[0]) that has an active asychronous set or reset. This may cause corruption of the memory contents and/or read values when the set/reset is asserted and is not analyzed by the default static timing analysis. It is suggested to eliminate the use of a set/reset to registers driving this RAMB pin or else use a synchronous reset in which the assertion of the reset is timed by default.
Related violations: <none>

REQP-1840#15 Warning
RAMB18 async control check  
The RAMB18E1 clipper_cdf_inst/hist_buf_ram_inst/ram_reg has an input control pin clipper_cdf_inst/hist_buf_ram_inst/ram_reg/ADDRARDADDR[5] (net: clipper_cdf_inst/hist_buf_ram_inst/Q[1]) which is driven by a register (clipper_cdf_inst/hist_buf_addra_r_reg[1]) that has an active asychronous set or reset. This may cause corruption of the memory contents and/or read values when the set/reset is asserted and is not analyzed by the default static timing analysis. It is suggested to eliminate the use of a set/reset to registers driving this RAMB pin or else use a synchronous reset in which the assertion of the reset is timed by default.
Related violations: <none>

REQP-1840#16 Warning
RAMB18 async control check  
The RAMB18E1 clipper_cdf_inst/hist_buf_ram_inst/ram_reg has an input control pin clipper_cdf_inst/hist_buf_ram_inst/ram_reg/ADDRARDADDR[6] (net: clipper_cdf_inst/hist_buf_ram_inst/Q[2]) which is driven by a register (clipper_cdf_inst/hist_buf_addra_r_reg[2]) that has an active asychronous set or reset. This may cause corruption of the memory contents and/or read values when the set/reset is asserted and is not analyzed by the default static timing analysis. It is suggested to eliminate the use of a set/reset to registers driving this RAMB pin or else use a synchronous reset in which the assertion of the reset is timed by default.
Related violations: <none>

REQP-1840#17 Warning
RAMB18 async control check  
The RAMB18E1 clipper_cdf_inst/hist_buf_ram_inst/ram_reg has an input control pin clipper_cdf_inst/hist_buf_ram_inst/ram_reg/ADDRARDADDR[7] (net: clipper_cdf_inst/hist_buf_ram_inst/Q[3]) which is driven by a register (clipper_cdf_inst/hist_buf_addra_r_reg[3]) that has an active asychronous set or reset. This may cause corruption of the memory contents and/or read values when the set/reset is asserted and is not analyzed by the default static timing analysis. It is suggested to eliminate the use of a set/reset to registers driving this RAMB pin or else use a synchronous reset in which the assertion of the reset is timed by default.
Related violations: <none>

REQP-1840#18 Warning
RAMB18 async control check  
The RAMB18E1 clipper_cdf_inst/hist_buf_ram_inst/ram_reg has an input control pin clipper_cdf_inst/hist_buf_ram_inst/ram_reg/ADDRARDADDR[8] (net: clipper_cdf_inst/hist_buf_ram_inst/Q[4]) which is driven by a register (clipper_cdf_inst/hist_buf_addra_r_reg[4]) that has an active asychronous set or reset. This may cause corruption of the memory contents and/or read values when the set/reset is asserted and is not analyzed by the default static timing analysis. It is suggested to eliminate the use of a set/reset to registers driving this RAMB pin or else use a synchronous reset in which the assertion of the reset is timed by default.
Related violations: <none>

REQP-1840#19 Warning
RAMB18 async control check  
The RAMB18E1 clipper_cdf_inst/hist_buf_ram_inst/ram_reg has an input control pin clipper_cdf_inst/hist_buf_ram_inst/ram_reg/ADDRARDADDR[9] (net: clipper_cdf_inst/hist_buf_ram_inst/Q[5]) which is driven by a register (clipper_cdf_inst/hist_buf_addra_r_reg[5]) that has an active asychronous set or reset. This may cause corruption of the memory contents and/or read values when the set/reset is asserted and is not analyzed by the default static timing analysis. It is suggested to eliminate the use of a set/reset to registers driving this RAMB pin or else use a synchronous reset in which the assertion of the reset is timed by default.
Related violations: <none>

REQP-1840#20 Warning
RAMB18 async control check  
The RAMB18E1 clipper_cdf_inst/hist_buf_ram_inst/ram_reg has an input control pin clipper_cdf_inst/hist_buf_ram_inst/ram_reg/ADDRBWRADDR[11] (net: clipper_cdf_inst/hist_buf_ram_inst/ram_reg_2[7]) which is driven by a register (clipper_cdf_inst/hist_buf_addrb_r_reg[7]) that has an active asychronous set or reset. This may cause corruption of the memory contents and/or read values when the set/reset is asserted and is not analyzed by the default static timing analysis. It is suggested to eliminate the use of a set/reset to registers driving this RAMB pin or else use a synchronous reset in which the assertion of the reset is timed by default.
Related violations: <none>

ZPS7-1#1 Warning
PS7 block required  
The PS7 cell must be used in this Zynq design in order to enable correct default configuration.
Related violations: <none>


